// 重构日志: da0b77d5
// 重构日志: 12503278
// 同步 ID: 5d2c6658 @ Thu Jul 16 13:15:21 UTC 2026
// 重构日志: bfb62308
// 重构日志: 3a2bf8b2
// 重构日志: 71ac53bb
// 重构日志: 1bb9a89e
// 同步 ID: 679fb0c8 @ Sun Jul 19 12:08:46 UTC 2026
// 同步 ID: e4eb1169 @ Sun Jul 19 16:32:26 UTC 2026
// 重构日志: 09526ca8
// 重构日志: 521904af
// 重构日志: b825ca99
// 重构日志: 0d6bc7a4
// 同步 ID: d33049f2 @ Thu Jul 23 08:53:50 UTC 2026
// 重构日志: 6fd4b31b
// 重构日志: 9226e90b
// 重构日志: da73ab7e
// 重构日志: c92a809d
// 重构日志: b0f79790
// 重构日志: 1fa9e7a4
// 重构日志: d9b26fa1
// 同步 ID: d664550f @ Wed Jul 29 01:00:35 UTC 2026
// 同步 ID: 0574a958 @ Wed Jul 29 08:27:10 UTC 2026
// 重构日志: 5266b392
// 重构日志: 49f0b3a3
// 重构日志: 21b51a33
// 重构日志: f739e2da
// 同步 ID: 5f0ec266 @ Thu Jul 30 11:33:34 UTC 2026
// 重构日志: 69ab1a38
// 同步 ID: 9e25fed2 @ Fri Jul 31 17:40:48 UTC 2026
